[ WARN 2026-09-23 18:33:51.646] moon_app::queries::changed_files  Detected a shallow checkout, unable to run Git commands to determine changed files. 
[ WARN 18:33:51.646] moon_app::queries::changed_files  A full Git history is required for affected checks, falling back to an empty files list. 
[ WARN 18:33:51.731] moon_task_hasher::task_hasher  Attempted to hash input update-repo.ps1 but it does not exist, skipping 
[ WARN 18:33:51.731] moon_task_hasher::task_hasher  Attempted to hash input update-repo.sh but it does not exist, skipping 
[ WARN 18:33:51.731] moon_task_hasher::task_hasher  Attempted to hash input doc/30-verification.md but it does not exist, skipping 
▮▮▮▮ consumer:scad.verify (c13e8293)
+ openscad-docsgen -m -T /work/openscad/tube-clamp/tube_clamp_render.scad
Parsing...
  /work/openscad/tube-clamp/tube_clamp_render.scad
No log requests to process
+ bash scripts/run-verification.sh
-- OpenSCAD tube-clamp API PNG
Compiling design (CSG Products normalization)...
Normalized CSG tree has 30 elements
Geometries in cache: 34
Geometry cache size in bytes: 167920
CGAL Polyhedrons in cache: 0
CGAL cache size in bytes: 0
Total rendering time: 0:00:00.325
-- OpenSCAD tube-clamp API STL
Geometries in cache: 53
Geometry cache size in bytes: 329960
CGAL Polyhedrons in cache: 15
CGAL cache size in bytes: 1140250
Total rendering time: 0:00:00.041
   Top level object is a 3D object (manifold):
   Status:     NoError
   Genus:      -4
   Vertices:     1389
   Facets:       2758
-- PythonSCAD tube-clamp API PNG
Python Code globally trusted
Compiling design (CSG Products normalization)...
Normalized CSG tree has 36 elements
Geometries in cache: 40
Geometry cache size in bytes: 233680
CGAL Polyhedrons in cache: 0
CGAL cache size in bytes: 0
Total rendering time: 0:00:00.200
-- PythonSCAD tube-clamp API STL
Python Code globally trusted
Geometries in cache: 62
Geometry cache size in bytes: 456848
CGAL Polyhedrons in cache: 30
CGAL cache size in bytes: 2858250
Total rendering time: 0:00:00.058
   Top level object is a 3D object (manifold):
   Status:     NoError
   Genus:      -4
   Vertices:     1714
   Facets:       3408
Measurements:
   Surface: 13660.76
   Volume: 26404.95
Verification output written to /work/vrf/out
+ bash scripts/build-verification-index.sh
verify: OK
▮▮▮▮ consumer:scad.verify (1s 829ms, c13e8293)

Tasks: 1 completed
 Time: 1s 897ms

